// Jest Snapshot v1, https://goo.gl/fbAQLP

exports[`snapshots renders App component correctly 1`] = `
<div
  className="main-container"
>
  <div
    className="app-container"
  >
    <div
      className="display-container"
    >
        
    </div>
    <div
      className="btn-panel"
    >
      <button
        className="  btn"
        onClick={[Function]}
        type="button"
      >
        AC
      </button>
      <button
        className="  btn"
        onClick={[Function]}
        type="button"
      >
        +/-
      </button>
      <button
        className="  btn"
        onClick={[Function]}
        type="button"
      >
        %
      </button>
      <button
        className="o-class  btn"
        onClick={[Function]}
        type="button"
      >
        รท
      </button>
    </div>
    <div
      className="btn-panel"
    >
      <button
        className="  btn"
        onClick={[Function]}
        type="button"
      >
        7
      </button>
      <button
        className="  btn"
        onClick={[Function]}
        type="button"
      >
        8
      </button>
      <button
        className="  btn"
        onClick={[Function]}
        type="button"
      >
        9
      </button>
      <button
        className="o-class  btn"
        onClick={[Function]}
        type="button"
      >
        X
      </button>
    </div>
    <div
      className="btn-panel"
    >
      <button
        className="  btn"
        onClick={[Function]}
        type="button"
      >
        4
      </button>
      <button
        className="  btn"
        onClick={[Function]}
        type="button"
      >
        5
      </button>
      <button
        className="  btn"
        onClick={[Function]}
        type="button"
      >
        6
      </button>
      <button
        className="o-class  btn"
        onClick={[Function]}
        type="button"
      >
        -
      </button>
    </div>
    <div
      className="btn-panel"
    >
      <button
        className="  btn"
        onClick={[Function]}
        type="button"
      >
        1
      </button>
      <button
        className="  btn"
        onClick={[Function]}
        type="button"
      >
        2
      </button>
      <button
        className="  btn"
        onClick={[Function]}
        type="button"
      >
        3
      </button>
      <button
        className="o-class  btn"
        onClick={[Function]}
        type="button"
      >
        +
      </button>
    </div>
    <div
      className="btn-panel"
    >
      <button
        className=" zero btn"
        onClick={[Function]}
        type="button"
      >
        0
      </button>
      <button
        className="  btn"
        onClick={[Function]}
        type="button"
      >
        .
      </button>
      <button
        className="o-class  btn"
        onClick={[Function]}
        type="button"
      >
        =
      </button>
    </div>
  </div>
</div>
`;
