// Jest Snapshot v1, https://goo.gl/fbAQLP

exports[`snapshots renders App component correctly 1`] = `
<div>
  <h1>
    Quote
  </h1>
  <p>
    Fashion is what seems beautiful now but looks ugly later
  </p>
</div>
`;
